// Vitest Snapshot v1, https://vitest.dev/guide/snapshot.html

exports[`Home > should have the same snapshot as befoere 1`] = `undefined`;
