// Vitest Snapshot v1, https://vitest.dev/guide/snapshot.html

exports[`getAxios > should create a cached axios instance with axios and the correct ttl 1`] = `
[
  {
    "baseURL": "https://api.thecatapi.com/v1",
  },
  {
    "ttl": 3600000,
  },
]
`;
